// Vitest Snapshot v1, https://vitest.dev/guide/snapshot.html

exports[`block.assignment > simple 1`] = `
[
  {
    "class": "block.assignment",
    "name": "variable",
    "value": "value",
  },
]
`;

exports[`parser.block.assignment > simple 1`] = `
[
  {
    "class": "block.assignment",
    "name": "variable",
    "value": "value",
  },
]
`;
