// Jest Snapshot v1, https://goo.gl/fbAQLP

exports[`block.code html 1`] = `
Array [
  Object {
    "class": "Block.Code",
    "content": Array [
      Object {
        "class": "Inline.Text",
        "value": "code Caption.",
      },
    ],
    "language": "html",
    "value": "<html>
<head>
<title>Title</title>
</head>
<body>
</body>
</html>",
  },
]
`;

exports[`block.code simple 1`] = `
Array [
  Object {
    "class": "Block.Code",
    "content": Array [
      Object {
        "class": "Inline.Text",
        "value": "Figure Caption.",
      },
    ],
    "language": "",
    "value": "code block",
  },
]
`;
