// Jest Snapshot v1, https://goo.gl/fbAQLP

exports[`block.import simple 1`] = `
Array [
  Object {
    "class": "Block.Import",
    "content": Object {
      "class": "File",
      "content": Array [
        Object {
          "class": "Block.Heading",
          "content": Array [
            Object {
              "class": "Inline.Text",
              "value": "Header",
            },
          ],
          "level": 1,
        },
        Object {
          "class": "Block.Paragraph",
          "content": Array [
            Object {
              "class": "Inline.Text",
              "value": "This is a paragraph.
",
            },
          ],
        },
      ],
    },
    "source": "./example/subdocument",
  },
]
`;
