// Vitest Snapshot v1, https://vitest.dev/guide/snapshot.html

exports[`parser.block.definitionList > simple 1`] = `
[
  {
    "class": "block.list.definition",
    "content": [
      {
        "class": "block.list.definition.term",
        "content": [
          {
            "class": "inline.text",
            "value": "Term 1
",
          },
        ],
        "data": [
          {
            "class": "block.list.definition.data",
            "content": [
              {
                "class": "inline.text",
                "value": "Description 1
",
              },
            ],
          },
          {
            "class": "block.list.definition.data",
            "content": [
              {
                "class": "inline.text",
                "value": "Description A
",
              },
            ],
          },
        ],
      },
      {
        "class": "block.list.definition.term",
        "content": [
          {
            "class": "inline.text",
            "value": "Term 2
",
          },
        ],
        "data": [
          {
            "class": "block.list.definition.data",
            "content": [
              {
                "class": "inline.text",
                "value": "Description 2
",
              },
            ],
          },
        ],
      },
    ],
  },
]
`;

exports[`parser.block.paragraph > simple 1`] = `
[
  {
    "class": "block.paragraph",
    "content": [
      {
        "class": "inline.text",
        "value": "This is a single paragraph.",
      },
    ],
  },
]
`;
