// Vitest Snapshot v1, https://vitest.dev/guide/snapshot.html

exports[`parser > parse('simple document') 1`] = `
{
  "class": "document",
  "content": [
    {
      "class": "block.assignment",
      "name": "class",
      "value": "paper",
    },
    {
      "class": "block.assignment",
      "name": "title",
      "value": "Document Title",
    },
    {
      "class": "block.assignment",
      "name": "date",
      "value": "2015-11-10",
    },
    {
      "class": "block.assignment",
      "name": "author",
      "value": "John Doe",
    },
    {
      "class": "block.heading",
      "content": [
        {
          "class": "inline.text",
          "value": "Header Level 1",
        },
      ],
      "level": 1,
    },
    {
      "class": "block.paragraph",
      "content": [
        {
          "class": "inline.text",
          "value": "Paragraph A ",
        },
        {
          "class": "inline.emphasize",
          "content": [
            {
              "class": "inline.text",
              "value": "emphasized text",
            },
          ],
        },
        {
          "class": "inline.text",
          "value": " a lot of ",
        },
        {
          "class": "inline.link",
          "content": [
            {
              "class": "inline.text",
              "value": "other nonsense",
            },
          ],
          "target": "http://example.com",
        },
        {
          "class": "inline.text",
          "value": ". This paragraph spans
",
        },
        {
          "class": "inline.text",
          "value": "several lines and so
",
        },
        {
          "class": "inline.text",
          "value": "it should. And here is ",
        },
        {
          "class": "inline.code",
          "value": "a small bit of code",
        },
        {
          "class": "inline.text",
          "value": " and another one with a bit of formula: ",
        },
        {
          "class": "inline.math",
          "value": "x^2 + y^2 = z^2",
        },
        {
          "class": "inline.text",
          "value": ".
",
        },
      ],
    },
  ],
}
`;
